---
source: crates/oxc_linter/src/tester.rs
---
  ⚠ eslint-plugin-vitest(no-commented-out-tests): Some tests seem to be commented
   ╭─[no_commented_out_tests.tsx:1:3]
 1 │ // describe(\'foo\', function () {})\'
   ·   ────────────────────────────────────
   ╰────
  help: Remove or uncomment this comment

  ⚠ eslint-plugin-vitest(no-commented-out-tests): Some tests seem to be commented
   ╭─[no_commented_out_tests.tsx:1:3]
 1 │ // test.concurrent("foo", function () {})
   ·   ───────────────────────────────────────
   ╰────
  help: Remove or uncomment this comment

  ⚠ eslint-plugin-vitest(no-commented-out-tests): Some tests seem to be commented
   ╭─[no_commented_out_tests.tsx:1:3]
 1 │ // test["skip"]("foo", function () {})
   ·   ────────────────────────────────────
   ╰────
  help: Remove or uncomment this comment

  ⚠ eslint-plugin-vitest(no-commented-out-tests): Some tests seem to be commented
   ╭─[no_commented_out_tests.tsx:1:3]
 1 │ // xdescribe("foo", function () {})
   ·   ─────────────────────────────────
   ╰────
  help: Remove or uncomment this comment

  ⚠ eslint-plugin-vitest(no-commented-out-tests): Some tests seem to be commented
   ╭─[no_commented_out_tests.tsx:1:3]
 1 │ // xit("foo", function () {})
   ·   ───────────────────────────
   ╰────
  help: Remove or uncomment this comment

  ⚠ eslint-plugin-vitest(no-commented-out-tests): Some tests seem to be commented
   ╭─[no_commented_out_tests.tsx:1:3]
 1 │ // fit("foo", function () {})
   ·   ───────────────────────────
   ╰────
  help: Remove or uncomment this comment

  ⚠ eslint-plugin-vitest(no-commented-out-tests): Some tests seem to be commented
   ╭─[no_commented_out_tests.tsx:2:15]
 1 │ 
 2 │             // test(
   ·               ──────
 3 │             //   "foo", function () {}
   ╰────
  help: Remove or uncomment this comment
