---
source: crates/oxc_linter/src/tester.rs
---
  ⚠ eslint-plugin-vitest(no-identical-title): Test title is used multiple times in the same describe block.
   ╭─[no_identical_title.tsx:4:20]
 3 │                 it('works', () => {});
 4 │                 it('works', () => {});
   ·                    ───────
 5 │             });
   ╰────
  help: Change the title of test.

  ⚠ eslint-plugin-vitest(no-identical-title): Test title is used multiple times in the same describe block.
   ╭─[no_identical_title.tsx:4:20]
 3 │                 it('works', () => {});
 4 │                 it('works', () => {});
   ·                    ───────
 5 │             });
   ╰────
  help: Change the title of test.
