           | Oxc        | ESBuild    | Oxc        | ESBuild    |
Original   | minified   | minified   | gzip       | gzip       | Iterations | File      
-------------------------------------------------------------------------------------
72.14 kB   | 23.14 kB   | 23.70 kB   | 8.33 kB    | 8.54 kB    |          2 | react.development.js 

173.90 kB  | 59.10 kB   | 59.82 kB   | 18.93 kB   | 19.33 kB   |          2 | moment.js  

287.63 kB  | 89.25 kB   | 90.07 kB   | 31.35 kB   | 31.95 kB   |          2 | jquery.js  

342.15 kB  | 116.58 kB  | 118.14 kB  | 43.16 kB   | 44.37 kB   |          2 | vue.js     

544.10 kB  | 70.83 kB   | 72.48 kB   | 25.67 kB   | 26.20 kB   |          2 | lodash.js  

555.77 kB  | 269.22 kB  | 270.13 kB  | 87.79 kB   | 90.80 kB   |          2 | d3.js      

1.01 MB    | 439.57 kB  | 458.89 kB  | 122.31 kB  | 126.71 kB  |          2 | bundle.min.js 

1.25 MB    | 644.96 kB  | 646.76 kB  | 160.67 kB  | 163.73 kB  |          3 | three.js   

2.14 MB    | 712.50 kB  | 724.14 kB  | 159.89 kB  | 181.07 kB  |          2 | victory.js 

3.20 MB    | 1.00 MB    | 1.01 MB    | 323.26 kB  | 331.56 kB  |          3 | echarts.js 

6.69 MB    | 2.22 MB    | 2.31 MB    | 459.11 kB  | 488.28 kB  |          4 | antd.js    

10.95 MB   | 3.34 MB    | 3.49 MB    | 855.03 kB  | 915.50 kB  |          4 | typescript.js 

