---
source: crates/oxc_isolated_declarations/tests/mod.rs
input_file: crates/oxc_isolated_declarations/tests/fixtures/well-known-symbols.ts
---
```
==================== .D.TS ====================

export declare class Foo {
	[Symbol.iterator](): Iterator<number>;
}
export declare class Bar {
	[Symbol.iterator](): Generator<number>;
}
export declare class Bang {
	[globalThis.Symbol.iterator](): Generator<number>;
}
export declare const bang: {
	[Symbol.iterator](): Iterator<number>
};
export declare const boom: {
	[Symbol.iterator](): Generator<number>
};
export declare class A {}
export declare const b: {};


==================== Errors ====================

  x TS9038: Computed property names on class or object literals cannot be
  | inferred with --isolatedDeclarations.
    ,-[46:6]
 45 | export class A {
 46 |     [x](): number {
    :      ^
 47 |         return 1;
    `----

  x TS9038: Computed property names on class or object literals cannot be
  | inferred with --isolatedDeclarations.
    ,-[51:6]
 50 | export const b = {
 51 |     [x]: 1,
    :      ^
 52 | }
    `----


```
