---
source: apps/oxlint/src/tester.rs
---
########## 
arguments: --import-plugin -c fixtures/tsconfig_workspace/.oxlintrc.json fixtures/tsconfig_workspace/src/foo.test.ts
working directory: 
----------
Found 0 warnings and 0 errors.
Finished in <variable>ms on 1 file with 52 rules using 1 threads.
----------
CLI result: LintSucceeded
----------
