---
source: apps/oxlint/src/tester.rs
---
########## 
arguments: -c oxlint-jest.json test.js
working directory: fixtures/jest_and_vitest_alias_rules
----------
Failed to parse configuration file.

  x Failed to parse config <cwd>/fixtures/jest_and_vitest_alias_rules/oxlint-jest.json with error Os { code: 2, kind:
  | NotFound, message: "No such file or directory" }

----------
CLI result: InvalidOptionConfig
----------

########## 
arguments: -c oxlint-vitest.json test.js
working directory: fixtures/jest_and_vitest_alias_rules
----------
Failed to parse configuration file.

  x Failed to parse config <cwd>/fixtures/jest_and_vitest_alias_rules/oxlint-vitest.json with error Os { code: 2, kind:
  | NotFound, message: "No such file or directory" }

----------
CLI result: InvalidOptionConfig
----------
