---
source: apps/oxlint/src/tester.rs
---
########## 
arguments: 
working directory: fixtures/nested_config
----------
Found 0 warnings and 0 errors.
Finished in <variable>ms on 0 files with 87 rules using 1 threads.
----------
CLI result: LintSucceeded
----------
