---
source: apps/oxlint/src/tester.rs
---
########## 
arguments: -c .oxlintrc.json
working directory: fixtures/issue_11644
----------
Failed to parse configuration file.

  x Failed to parse config <cwd>/fixtures/issue_11644/.oxlintrc.json with error Os { code: 2, kind: NotFound, message: "No
  | such file or directory" }

----------
CLI result: InvalidOptionConfig
----------
