File                       | File size      || Sys allocs     | Sys reallocs   || Arena allocs   | Arena reallocs | Arena bytes    
-------------------------------------------------------------------------------------------------------------------------------------------
RadixUIAdoptionSection.jsx | 2.52 kB        ||             85 |              4 ||             20 |              6 | 688 B         

pdf.mjs                    | 567.30 kB      ||          19599 |           2910 ||          47403 |           7782 | 1.624 MB      

antd.js                    | 6.69 MB        ||          99860 |          13518 ||         331725 |          70354 | 17.408 MB     

