File                       | File size      || Sys allocs     | Sys reallocs   || Arena allocs   | Arena reallocs | Arena bytes    
-------------------------------------------------------------------------------------------------------------------------------------------
checker.ts                 | 2.92 MB        ||          49759 |           7898 ||              0 |              0 | 0 B           

cal.com.tsx                | 1.06 MB        ||          24494 |           1294 ||              0 |              0 | 0 B           

RadixUIAdoptionSection.jsx | 2.52 kB        ||             31 |              2 ||              0 |              0 | 0 B           

pdf.mjs                    | 567.30 kB      ||           9233 |           1467 ||              0 |              0 | 0 B           

antd.js                    | 4.12 MB        ||          54566 |           7086 ||              0 |              0 | 0 B           

binder.ts                  | 193.08 kB      ||           3008 |            557 ||              0 |              0 | 0 B           

